I'm sorry, but errors were detected in your script. Please correct the
errors listed below, and try again.


File "game/screens.rpy", line 290: expected 'word' not found.
    default
           ^

Ren'Py Version: Ren'Py 7.4.11.2266
Wed Mar 30 17:28:45 2022
